2022-12-19_130652_673078	 Eliciting High Valence Affect
2022-12-19_130652_673078	Start Displaying Image Sequences
2022-12-19_130652_673078	 Image 1
2022-12-19_130656_019221	 Image 2
2022-12-19_130659_268075	 Image 3
2022-12-19_130702_514072	 Image 4
2022-12-19_130705_761346	 Image 5
2022-12-19_130709_008901	 Image 6
2022-12-19_130712_255591	 Image 7
2022-12-19_130715_519163	 Image 8
2022-12-19_130718_764710	 Image 9
2022-12-19_130722_012461	 Image 10
2022-12-19_130725_259575	 Image 11
2022-12-19_130728_505423	 Image 12
2022-12-19_130731_769226	 Image 13
2022-12-19_130735_032673	 Image 14
2022-12-19_130738_279998	 Image 15
